Archive member included to satisfy reference by file (symbol)

c:/program files (x86)/atmel/studio/7.0/toolchain/avr8/avr8-gnu-toolchain/bin/../lib/gcc/avr/5.4.0/../../../../avr/lib/avr5\libm.a(addsf3.o)
                              HAL/Led.o (__subsf3)
c:/program files (x86)/atmel/studio/7.0/toolchain/avr8/avr8-gnu-toolchain/bin/../lib/gcc/avr/5.4.0/../../../../avr/lib/avr5\libm.a(addsf3x.o)
                              c:/program files (x86)/atmel/studio/7.0/toolchain/avr8/avr8-gnu-toolchain/bin/../lib/gcc/avr/5.4.0/../../../../avr/lib/avr5\libm.a(addsf3.o) (__addsf3x)
c:/program files (x86)/atmel/studio/7.0/toolchain/avr8/avr8-gnu-toolchain/bin/../lib/gcc/avr/5.4.0/../../../../avr/lib/avr5\libm.a(cmpsf2.o)
                              HAL/Led.o (__ltsf2)
c:/program files (x86)/atmel/studio/7.0/toolchain/avr8/avr8-gnu-toolchain/bin/../lib/gcc/avr/5.4.0/../../../../avr/lib/avr5\libm.a(divsf3.o)
                              APP/main.o (__divsf3)
c:/program files (x86)/atmel/studio/7.0/toolchain/avr8/avr8-gnu-toolchain/bin/../lib/gcc/avr/5.4.0/../../../../avr/lib/avr5\libm.a(divsf3x.o)
                              c:/program files (x86)/atmel/studio/7.0/toolchain/avr8/avr8-gnu-toolchain/bin/../lib/gcc/avr/5.4.0/../../../../avr/lib/avr5\libm.a(divsf3.o) (__divsf3x)
c:/program files (x86)/atmel/studio/7.0/toolchain/avr8/avr8-gnu-toolchain/bin/../lib/gcc/avr/5.4.0/../../../../avr/lib/avr5\libm.a(fixunssfsi.o)
                              HAL/Led.o (__fixunssfsi)
c:/program files (x86)/atmel/studio/7.0/toolchain/avr8/avr8-gnu-toolchain/bin/../lib/gcc/avr/5.4.0/../../../../avr/lib/avr5\libm.a(floatsisf.o)
                              APP/main.o (__floatunsisf)
c:/program files (x86)/atmel/studio/7.0/toolchain/avr8/avr8-gnu-toolchain/bin/../lib/gcc/avr/5.4.0/../../../../avr/lib/avr5\libm.a(fp_cmp.o)
                              c:/program files (x86)/atmel/studio/7.0/toolchain/avr8/avr8-gnu-toolchain/bin/../lib/gcc/avr/5.4.0/../../../../avr/lib/avr5\libm.a(cmpsf2.o) (__fp_cmp)
c:/program files (x86)/atmel/studio/7.0/toolchain/avr8/avr8-gnu-toolchain/bin/../lib/gcc/avr/5.4.0/../../../../avr/lib/avr5\libm.a(fp_inf.o)
                              c:/program files (x86)/atmel/studio/7.0/toolchain/avr8/avr8-gnu-toolchain/bin/../lib/gcc/avr/5.4.0/../../../../avr/lib/avr5\libm.a(addsf3x.o) (__fp_inf)
c:/program files (x86)/atmel/studio/7.0/toolchain/avr8/avr8-gnu-toolchain/bin/../lib/gcc/avr/5.4.0/../../../../avr/lib/avr5\libm.a(fp_nan.o)
                              c:/program files (x86)/atmel/studio/7.0/toolchain/avr8/avr8-gnu-toolchain/bin/../lib/gcc/avr/5.4.0/../../../../avr/lib/avr5\libm.a(addsf3x.o) (__fp_nan)
c:/program files (x86)/atmel/studio/7.0/toolchain/avr8/avr8-gnu-toolchain/bin/../lib/gcc/avr/5.4.0/../../../../avr/lib/avr5\libm.a(fp_pscA.o)
                              c:/program files (x86)/atmel/studio/7.0/toolchain/avr8/avr8-gnu-toolchain/bin/../lib/gcc/avr/5.4.0/../../../../avr/lib/avr5\libm.a(addsf3x.o) (__fp_pscA)
c:/program files (x86)/atmel/studio/7.0/toolchain/avr8/avr8-gnu-toolchain/bin/../lib/gcc/avr/5.4.0/../../../../avr/lib/avr5\libm.a(fp_pscB.o)
                              c:/program files (x86)/atmel/studio/7.0/toolchain/avr8/avr8-gnu-toolchain/bin/../lib/gcc/avr/5.4.0/../../../../avr/lib/avr5\libm.a(addsf3x.o) (__fp_pscB)
c:/program files (x86)/atmel/studio/7.0/toolchain/avr8/avr8-gnu-toolchain/bin/../lib/gcc/avr/5.4.0/../../../../avr/lib/avr5\libm.a(fp_round.o)
                              c:/program files (x86)/atmel/studio/7.0/toolchain/avr8/avr8-gnu-toolchain/bin/../lib/gcc/avr/5.4.0/../../../../avr/lib/avr5\libm.a(addsf3.o) (__fp_round)
c:/program files (x86)/atmel/studio/7.0/toolchain/avr8/avr8-gnu-toolchain/bin/../lib/gcc/avr/5.4.0/../../../../avr/lib/avr5\libm.a(fp_split3.o)
                              c:/program files (x86)/atmel/studio/7.0/toolchain/avr8/avr8-gnu-toolchain/bin/../lib/gcc/avr/5.4.0/../../../../avr/lib/avr5\libm.a(addsf3x.o) (__fp_split3)
c:/program files (x86)/atmel/studio/7.0/toolchain/avr8/avr8-gnu-toolchain/bin/../lib/gcc/avr/5.4.0/../../../../avr/lib/avr5\libm.a(fp_zero.o)
                              c:/program files (x86)/atmel/studio/7.0/toolchain/avr8/avr8-gnu-toolchain/bin/../lib/gcc/avr/5.4.0/../../../../avr/lib/avr5\libm.a(addsf3x.o) (__fp_zero)
c:/program files (x86)/atmel/studio/7.0/toolchain/avr8/avr8-gnu-toolchain/bin/../lib/gcc/avr/5.4.0/../../../../avr/lib/avr5\libm.a(gesf2.o)
                              APP/main.o (__gesf2)
c:/program files (x86)/atmel/studio/7.0/toolchain/avr8/avr8-gnu-toolchain/bin/../lib/gcc/avr/5.4.0/../../../../avr/lib/avr5\libm.a(mulsf3.o)
                              APP/main.o (__mulsf3)
c:/program files (x86)/atmel/studio/7.0/toolchain/avr8/avr8-gnu-toolchain/bin/../lib/gcc/avr/5.4.0/../../../../avr/lib/avr5\libm.a(mulsf3x.o)
                              c:/program files (x86)/atmel/studio/7.0/toolchain/avr8/avr8-gnu-toolchain/bin/../lib/gcc/avr/5.4.0/../../../../avr/lib/avr5\libm.a(mulsf3.o) (__mulsf3x)
c:/program files (x86)/atmel/studio/7.0/toolchain/avr8/avr8-gnu-toolchain/bin/../lib/gcc/avr/5.4.0/avr5\libgcc.a(_exit.o)
                              C:/Program Files (x86)/Atmel/Studio/7.0/Packs/atmel/ATmega_DFP/1.7.374/gcc/dev/atmega32/avr5/crtatmega32.o (exit)
c:/program files (x86)/atmel/studio/7.0/toolchain/avr8/avr8-gnu-toolchain/bin/../lib/gcc/avr/5.4.0/avr5\libgcc.a(_copy_data.o)
                              APP/main.o (__do_copy_data)
c:/program files (x86)/atmel/studio/7.0/toolchain/avr8/avr8-gnu-toolchain/bin/../lib/gcc/avr/5.4.0/avr5\libgcc.a(_clear_bss.o)
                              APP/main.o (__do_clear_bss)

Allocating common symbols
Common symbol       size              file

Home_User           0x5               APP/main.o
Home_Pass           0x5               APP/main.o

Discarded input sections

 .data          0x00000000        0x0 C:/Program Files (x86)/Atmel/Studio/7.0/Packs/atmel/ATmega_DFP/1.7.374/gcc/dev/atmega32/avr5/crtatmega32.o
 .bss           0x00000000        0x0 C:/Program Files (x86)/Atmel/Studio/7.0/Packs/atmel/ATmega_DFP/1.7.374/gcc/dev/atmega32/avr5/crtatmega32.o
 .text          0x00000000        0x0 APP/main.o
 .data          0x00000000        0x0 APP/main.o
 .bss           0x00000000        0x0 APP/main.o
 COMMON         0x00000000        0xa APP/main.o
 .text          0x00000000        0x0 APP/progg.o
 .data          0x00000000        0x0 APP/progg.o
 .bss           0x00000000        0x0 APP/progg.o
 .text.SBD_GetUsedSize
                0x00000000        0xa APP/progg.o
 .text          0x00000000        0x0 HAL/BUZ_prog.o
 .data          0x00000000        0x0 HAL/BUZ_prog.o
 .bss           0x00000000        0x0 HAL/BUZ_prog.o
 .text          0x00000000        0x0 HAL/DCMotor.o
 .data          0x00000000        0x0 HAL/DCMotor.o
 .bss           0x00000000        0x0 HAL/DCMotor.o
 .text          0x00000000        0x0 HAL/KEYPAD_prog.o
 .data          0x00000000        0x0 HAL/KEYPAD_prog.o
 .bss           0x00000000        0x0 HAL/KEYPAD_prog.o
 .text          0x00000000        0x0 HAL/LCD_prog.o
 .data          0x00000000        0x0 HAL/LCD_prog.o
 .bss           0x00000000        0x0 HAL/LCD_prog.o
 .text          0x00000000        0x0 HAL/Led.o
 .data          0x00000000        0x0 HAL/Led.o
 .bss           0x00000000        0x0 HAL/Led.o
 .text          0x00000000        0x0 HAL/ServoMotor.o
 .data          0x00000000        0x0 HAL/ServoMotor.o
 .bss           0x00000000        0x0 HAL/ServoMotor.o
 .text          0x00000000        0x0 MCAL/ADC_prog.o
 .data          0x00000000        0x0 MCAL/ADC_prog.o
 .bss           0x00000000        0x0 MCAL/ADC_prog.o
 .text.ADC_voidDisable
                0x00000000        0x8 MCAL/ADC_prog.o
 .text          0x00000000        0x0 MCAL/DIO_prog.o
 .data          0x00000000        0x0 MCAL/DIO_prog.o
 .bss           0x00000000        0x0 MCAL/DIO_prog.o
 .text          0x00000000        0x0 MCAL/EEPROM.o
 .data          0x00000000        0x0 MCAL/EEPROM.o
 .bss           0x00000000        0x0 MCAL/EEPROM.o
 .text.EEPROM_vReadBlockFromAddress
                0x00000000       0x32 MCAL/EEPROM.o
 .text.EEPROM_vWriteBlockToAddress
                0x00000000       0x4e MCAL/EEPROM.o
 .text          0x00000000        0x0 MCAL/EXTI_prog.o
 .data          0x00000000        0x0 MCAL/EXTI_prog.o
 .bss           0x00000000        0x0 MCAL/EXTI_prog.o
 .text.EXTI_voidInit
                0x00000000        0xe MCAL/EXTI_prog.o
 .text.EXTI_voidEnable_INT0
                0x00000000        0x8 MCAL/EXTI_prog.o
 .text.EXTI_voidDisable_INT0
                0x00000000        0x8 MCAL/EXTI_prog.o
 .debug_info    0x00000000       0xbc MCAL/EXTI_prog.o
 .debug_abbrev  0x00000000       0x51 MCAL/EXTI_prog.o
 .debug_aranges
                0x00000000       0x30 MCAL/EXTI_prog.o
 .debug_ranges  0x00000000       0x20 MCAL/EXTI_prog.o
 .debug_line    0x00000000       0xe0 MCAL/EXTI_prog.o
 .debug_str     0x00000000      0x1b3 MCAL/EXTI_prog.o
 .comment       0x00000000       0x31 MCAL/EXTI_prog.o
 .debug_frame   0x00000000       0x44 MCAL/EXTI_prog.o
 .text          0x00000000        0x0 MCAL/GIE_prog.o
 .data          0x00000000        0x0 MCAL/GIE_prog.o
 .bss           0x00000000        0x0 MCAL/GIE_prog.o
 .text.GIE_voidEnable
                0x00000000        0x8 MCAL/GIE_prog.o
 .text.GIE_voidDisable
                0x00000000        0x8 MCAL/GIE_prog.o
 .debug_info    0x00000000       0xa6 MCAL/GIE_prog.o
 .debug_abbrev  0x00000000       0x51 MCAL/GIE_prog.o
 .debug_aranges
                0x00000000       0x28 MCAL/GIE_prog.o
 .debug_ranges  0x00000000       0x18 MCAL/GIE_prog.o
 .debug_line    0x00000000       0xc3 MCAL/GIE_prog.o
 .debug_str     0x00000000      0x198 MCAL/GIE_prog.o
 .comment       0x00000000       0x31 MCAL/GIE_prog.o
 .debug_frame   0x00000000       0x34 MCAL/GIE_prog.o
 .text          0x00000000        0x0 MCAL/Timer2_prg.o
 .data          0x00000000        0x0 MCAL/Timer2_prg.o
 .bss           0x00000000        0x0 MCAL/Timer2_prg.o
 .text.TIMER2_void_SetTimerReg
                0x00000000        0x4 MCAL/Timer2_prg.o
 .text.TIMER2_void_EnableOVInt
                0x00000000        0x8 MCAL/Timer2_prg.o
 .text.TIMER2_void_DisableOVInt
                0x00000000        0x8 MCAL/Timer2_prg.o
 .text.TIMER2_void_EnableCTCInt
                0x00000000        0x8 MCAL/Timer2_prg.o
 .text.TIMER2_void_DisableCTCInt
                0x00000000        0x8 MCAL/Timer2_prg.o
 .text          0x00000000        0x0 MCAL/Timer_prg.o
 .data          0x00000000        0x0 MCAL/Timer_prg.o
 .bss           0x00000000        0x0 MCAL/Timer_prg.o
 .text.TIMER0_void_SetTimerReg
                0x00000000        0x4 MCAL/Timer_prg.o
 .text.TIMER0_void_EnableOVInt
                0x00000000        0x8 MCAL/Timer_prg.o
 .text.TIMER0_void_DisableOVInt
                0x00000000        0x8 MCAL/Timer_prg.o
 .text.TIMER0_void_EnableCTCInt
                0x00000000        0x8 MCAL/Timer_prg.o
 .text.TIMER0_void_DisableCTCInt
                0x00000000        0x8 MCAL/Timer_prg.o
 .text          0x00000000        0x0 MCAL/UART_prg.o
 .data          0x00000000        0x0 MCAL/UART_prg.o
 .bss           0x00000000        0x0 MCAL/UART_prg.o
 .text.UART_voidInit
                0x00000000       0x56 MCAL/UART_prg.o
 .text.UART_voidSendByte
                0x00000000        0x8 MCAL/UART_prg.o
 .text.UART_voidSendString
                0x00000000       0x30 MCAL/UART_prg.o
 .text.UART_u8ReceiveByte
                0x00000000        0x8 MCAL/UART_prg.o
 .text.UART_voidReieveString
                0x00000000       0x46 MCAL/UART_prg.o
 .debug_info    0x00000000      0x166 MCAL/UART_prg.o
 .debug_abbrev  0x00000000       0xf8 MCAL/UART_prg.o
 .debug_loc     0x00000000      0x160 MCAL/UART_prg.o
 .debug_aranges
                0x00000000       0x40 MCAL/UART_prg.o
 .debug_ranges  0x00000000       0x30 MCAL/UART_prg.o
 .debug_line    0x00000000      0x1bf MCAL/UART_prg.o
 .debug_str     0x00000000      0x1db MCAL/UART_prg.o
 .comment       0x00000000       0x31 MCAL/UART_prg.o
 .debug_frame   0x00000000       0x98 MCAL/UART_prg.o
 .text          0x00000000        0x0 c:/program files (x86)/atmel/studio/7.0/toolchain/avr8/avr8-gnu-toolchain/bin/../lib/gcc/avr/5.4.0/../../../../avr/lib/avr5\libm.a(addsf3.o)
 .data          0x00000000        0x0 c:/program files (x86)/atmel/studio/7.0/toolchain/avr8/avr8-gnu-toolchain/bin/../lib/gcc/avr/5.4.0/../../../../avr/lib/avr5\libm.a(addsf3.o)
 .bss           0x00000000        0x0 c:/program files (x86)/atmel/studio/7.0/toolchain/avr8/avr8-gnu-toolchain/bin/../lib/gcc/avr/5.4.0/../../../../avr/lib/avr5\libm.a(addsf3.o)
 .text          0x00000000        0x0 c:/program files (x86)/atmel/studio/7.0/toolchain/avr8/avr8-gnu-toolchain/bin/../lib/gcc/avr/5.4.0/../../../../avr/lib/avr5\libm.a(addsf3x.o)
 .data          0x00000000        0x0 c:/program files (x86)/atmel/studio/7.0/toolchain/avr8/avr8-gnu-toolchain/bin/../lib/gcc/avr/5.4.0/../../../../avr/lib/avr5\libm.a(addsf3x.o)
 .bss           0x00000000        0x0 c:/program files (x86)/atmel/studio/7.0/toolchain/avr8/avr8-gnu-toolchain/bin/../lib/gcc/avr/5.4.0/../../../../avr/lib/avr5\libm.a(addsf3x.o)
 .text          0x00000000        0x0 c:/program files (x86)/atmel/studio/7.0/toolchain/avr8/avr8-gnu-toolchain/bin/../lib/gcc/avr/5.4.0/../../../../avr/lib/avr5\libm.a(cmpsf2.o)
 .data          0x00000000        0x0 c:/program files (x86)/atmel/studio/7.0/toolchain/avr8/avr8-gnu-toolchain/bin/../lib/gcc/avr/5.4.0/../../../../avr/lib/avr5\libm.a(cmpsf2.o)
 .bss           0x00000000        0x0 c:/program files (x86)/atmel/studio/7.0/toolchain/avr8/avr8-gnu-toolchain/bin/../lib/gcc/avr/5.4.0/../../../../avr/lib/avr5\libm.a(cmpsf2.o)
 .text          0x00000000        0x0 c:/program files (x86)/atmel/studio/7.0/toolchain/avr8/avr8-gnu-toolchain/bin/../lib/gcc/avr/5.4.0/../../../../avr/lib/avr5\libm.a(divsf3.o)
 .data          0x00000000        0x0 c:/program files (x86)/atmel/studio/7.0/toolchain/avr8/avr8-gnu-toolchain/bin/../lib/gcc/avr/5.4.0/../../../../avr/lib/avr5\libm.a(divsf3.o)
 .bss           0x00000000        0x0 c:/program files (x86)/atmel/studio/7.0/toolchain/avr8/avr8-gnu-toolchain/bin/../lib/gcc/avr/5.4.0/../../../../avr/lib/avr5\libm.a(divsf3.o)
 .text          0x00000000        0x0 c:/program files (x86)/atmel/studio/7.0/toolchain/avr8/avr8-gnu-toolchain/bin/../lib/gcc/avr/5.4.0/../../../../avr/lib/avr5\libm.a(divsf3x.o)
 .data          0x00000000        0x0 c:/program files (x86)/atmel/studio/7.0/toolchain/avr8/avr8-gnu-toolchain/bin/../lib/gcc/avr/5.4.0/../../../../avr/lib/avr5\libm.a(divsf3x.o)
 .bss           0x00000000        0x0 c:/program files (x86)/atmel/studio/7.0/toolchain/avr8/avr8-gnu-toolchain/bin/../lib/gcc/avr/5.4.0/../../../../avr/lib/avr5\libm.a(divsf3x.o)
 .text          0x00000000        0x0 c:/program files (x86)/atmel/studio/7.0/toolchain/avr8/avr8-gnu-toolchain/bin/../lib/gcc/avr/5.4.0/../../../../avr/lib/avr5\libm.a(fixunssfsi.o)
 .data          0x00000000        0x0 c:/program files (x86)/atmel/studio/7.0/toolchain/avr8/avr8-gnu-toolchain/bin/../lib/gcc/avr/5.4.0/../../../../avr/lib/avr5\libm.a(fixunssfsi.o)
 .bss           0x00000000        0x0 c:/program files (x86)/atmel/studio/7.0/toolchain/avr8/avr8-gnu-toolchain/bin/../lib/gcc/avr/5.4.0/../../../../avr/lib/avr5\libm.a(fixunssfsi.o)
 .text          0x00000000        0x0 c:/program files (x86)/atmel/studio/7.0/toolchain/avr8/avr8-gnu-toolchain/bin/../lib/gcc/avr/5.4.0/../../../../avr/lib/avr5\libm.a(floatsisf.o)
 .data          0x00000000        0x0 c:/program files (x86)/atmel/studio/7.0/toolchain/avr8/avr8-gnu-toolchain/bin/../lib/gcc/avr/5.4.0/../../../../avr/lib/avr5\libm.a(floatsisf.o)
 .bss           0x00000000        0x0 c:/program files (x86)/atmel/studio/7.0/toolchain/avr8/avr8-gnu-toolchain/bin/../lib/gcc/avr/5.4.0/../../../../avr/lib/avr5\libm.a(floatsisf.o)
 .text          0x00000000        0x0 c:/program files (x86)/atmel/studio/7.0/toolchain/avr8/avr8-gnu-toolchain/bin/../lib/gcc/avr/5.4.0/../../../../avr/lib/avr5\libm.a(fp_cmp.o)
 .data          0x00000000        0x0 c:/program files (x86)/atmel/studio/7.0/toolchain/avr8/avr8-gnu-toolchain/bin/../lib/gcc/avr/5.4.0/../../../../avr/lib/avr5\libm.a(fp_cmp.o)
 .bss           0x00000000        0x0 c:/program files (x86)/atmel/studio/7.0/toolchain/avr8/avr8-gnu-toolchain/bin/../lib/gcc/avr/5.4.0/../../../../avr/lib/avr5\libm.a(fp_cmp.o)
 .text          0x00000000        0x0 c:/program files (x86)/atmel/studio/7.0/toolchain/avr8/avr8-gnu-toolchain/bin/../lib/gcc/avr/5.4.0/../../../../avr/lib/avr5\libm.a(fp_inf.o)
 .data          0x00000000        0x0 c:/program files (x86)/atmel/studio/7.0/toolchain/avr8/avr8-gnu-toolchain/bin/../lib/gcc/avr/5.4.0/../../../../avr/lib/avr5\libm.a(fp_inf.o)
 .bss           0x00000000        0x0 c:/program files (x86)/atmel/studio/7.0/toolchain/avr8/avr8-gnu-toolchain/bin/../lib/gcc/avr/5.4.0/../../../../avr/lib/avr5\libm.a(fp_inf.o)
 .text          0x00000000        0x0 c:/program files (x86)/atmel/studio/7.0/toolchain/avr8/avr8-gnu-toolchain/bin/../lib/gcc/avr/5.4.0/../../../../avr/lib/avr5\libm.a(fp_nan.o)
 .data          0x00000000        0x0 c:/program files (x86)/atmel/studio/7.0/toolchain/avr8/avr8-gnu-toolchain/bin/../lib/gcc/avr/5.4.0/../../../../avr/lib/avr5\libm.a(fp_nan.o)
 .bss           0x00000000        0x0 c:/program files (x86)/atmel/studio/7.0/toolchain/avr8/avr8-gnu-toolchain/bin/../lib/gcc/avr/5.4.0/../../../../avr/lib/avr5\libm.a(fp_nan.o)
 .text          0x00000000        0x0 c:/program files (x86)/atmel/studio/7.0/toolchain/avr8/avr8-gnu-toolchain/bin/../lib/gcc/avr/5.4.0/../../../../avr/lib/avr5\libm.a(fp_pscA.o)
 .data          0x00000000        0x0 c:/program files (x86)/atmel/studio/7.0/toolchain/avr8/avr8-gnu-toolchain/bin/../lib/gcc/avr/5.4.0/../../../../avr/lib/avr5\libm.a(fp_pscA.o)
 .bss           0x00000000        0x0 c:/program files (x86)/atmel/studio/7.0/toolchain/avr8/avr8-gnu-toolchain/bin/../lib/gcc/avr/5.4.0/../../../../avr/lib/avr5\libm.a(fp_pscA.o)
 .text          0x00000000        0x0 c:/program files (x86)/atmel/studio/7.0/toolchain/avr8/avr8-gnu-toolchain/bin/../lib/gcc/avr/5.4.0/../../../../avr/lib/avr5\libm.a(fp_pscB.o)
 .data          0x00000000        0x0 c:/program files (x86)/atmel/studio/7.0/toolchain/avr8/avr8-gnu-toolchain/bin/../lib/gcc/avr/5.4.0/../../../../avr/lib/avr5\libm.a(fp_pscB.o)
 .bss           0x00000000        0x0 c:/program files (x86)/atmel/studio/7.0/toolchain/avr8/avr8-gnu-toolchain/bin/../lib/gcc/avr/5.4.0/../../../../avr/lib/avr5\libm.a(fp_pscB.o)
 .text          0x00000000        0x0 c:/program files (x86)/atmel/studio/7.0/toolchain/avr8/avr8-gnu-toolchain/bin/../lib/gcc/avr/5.4.0/../../../../avr/lib/avr5\libm.a(fp_round.o)
 .data          0x00000000        0x0 c:/program files (x86)/atmel/studio/7.0/toolchain/avr8/avr8-gnu-toolchain/bin/../lib/gcc/avr/5.4.0/../../../../avr/lib/avr5\libm.a(fp_round.o)
 .bss           0x00000000        0x0 c:/program files (x86)/atmel/studio/7.0/toolchain/avr8/avr8-gnu-toolchain/bin/../lib/gcc/avr/5.4.0/../../../../avr/lib/avr5\libm.a(fp_round.o)
 .text          0x00000000        0x0 c:/program files (x86)/atmel/studio/7.0/toolchain/avr8/avr8-gnu-toolchain/bin/../lib/gcc/avr/5.4.0/../../../../avr/lib/avr5\libm.a(fp_split3.o)
 .data          0x00000000        0x0 c:/program files (x86)/atmel/studio/7.0/toolchain/avr8/avr8-gnu-toolchain/bin/../lib/gcc/avr/5.4.0/../../../../avr/lib/avr5\libm.a(fp_split3.o)
 .bss           0x00000000        0x0 c:/program files (x86)/atmel/studio/7.0/toolchain/avr8/avr8-gnu-toolchain/bin/../lib/gcc/avr/5.4.0/../../../../avr/lib/avr5\libm.a(fp_split3.o)
 .text          0x00000000        0x0 c:/program files (x86)/atmel/studio/7.0/toolchain/avr8/avr8-gnu-toolchain/bin/../lib/gcc/avr/5.4.0/../../../../avr/lib/avr5\libm.a(fp_zero.o)
 .data          0x00000000        0x0 c:/program files (x86)/atmel/studio/7.0/toolchain/avr8/avr8-gnu-toolchain/bin/../lib/gcc/avr/5.4.0/../../../../avr/lib/avr5\libm.a(fp_zero.o)
 .bss           0x00000000        0x0 c:/program files (x86)/atmel/studio/7.0/toolchain/avr8/avr8-gnu-toolchain/bin/../lib/gcc/avr/5.4.0/../../../../avr/lib/avr5\libm.a(fp_zero.o)
 .text          0x00000000        0x0 c:/program files (x86)/atmel/studio/7.0/toolchain/avr8/avr8-gnu-toolchain/bin/../lib/gcc/avr/5.4.0/../../../../avr/lib/avr5\libm.a(gesf2.o)
 .data          0x00000000        0x0 c:/program files (x86)/atmel/studio/7.0/toolchain/avr8/avr8-gnu-toolchain/bin/../lib/gcc/avr/5.4.0/../../../../avr/lib/avr5\libm.a(gesf2.o)
 .bss           0x00000000        0x0 c:/program files (x86)/atmel/studio/7.0/toolchain/avr8/avr8-gnu-toolchain/bin/../lib/gcc/avr/5.4.0/../../../../avr/lib/avr5\libm.a(gesf2.o)
 .text          0x00000000        0x0 c:/program files (x86)/atmel/studio/7.0/toolchain/avr8/avr8-gnu-toolchain/bin/../lib/gcc/avr/5.4.0/../../../../avr/lib/avr5\libm.a(mulsf3.o)
 .data          0x00000000        0x0 c:/program files (x86)/atmel/studio/7.0/toolchain/avr8/avr8-gnu-toolchain/bin/../lib/gcc/avr/5.4.0/../../../../avr/lib/avr5\libm.a(mulsf3.o)
 .bss           0x00000000        0x0 c:/program files (x86)/atmel/studio/7.0/toolchain/avr8/avr8-gnu-toolchain/bin/../lib/gcc/avr/5.4.0/../../../../avr/lib/avr5\libm.a(mulsf3.o)
 .text          0x00000000        0x0 c:/program files (x86)/atmel/studio/7.0/toolchain/avr8/avr8-gnu-toolchain/bin/../lib/gcc/avr/5.4.0/../../../../avr/lib/avr5\libm.a(mulsf3x.o)
 .data          0x00000000        0x0 c:/program files (x86)/atmel/studio/7.0/toolchain/avr8/avr8-gnu-toolchain/bin/../lib/gcc/avr/5.4.0/../../../../avr/lib/avr5\libm.a(mulsf3x.o)
 .bss           0x00000000        0x0 c:/program files (x86)/atmel/studio/7.0/toolchain/avr8/avr8-gnu-toolchain/bin/../lib/gcc/avr/5.4.0/../../../../avr/lib/avr5\libm.a(mulsf3x.o)
 .text          0x00000000        0x0 c:/program files (x86)/atmel/studio/7.0/toolchain/avr8/avr8-gnu-toolchain/bin/../lib/gcc/avr/5.4.0/avr5\libgcc.a(_exit.o)
 .data          0x00000000        0x0 c:/program files (x86)/atmel/studio/7.0/toolchain/avr8/avr8-gnu-toolchain/bin/../lib/gcc/avr/5.4.0/avr5\libgcc.a(_exit.o)
 .bss           0x00000000        0x0 c:/program files (x86)/atmel/studio/7.0/toolchain/avr8/avr8-gnu-toolchain/bin/../lib/gcc/avr/5.4.0/avr5\libgcc.a(_exit.o)
 .text.libgcc.mul
                0x00000000        0x0 c:/program files (x86)/atmel/studio/7.0/toolchain/avr8/avr8-gnu-toolchain/bin/../lib/gcc/avr/5.4.0/avr5\libgcc.a(_exit.o)
 .text.libgcc.div
                0x00000000        0x0 c:/program files (x86)/atmel/studio/7.0/toolchain/avr8/avr8-gnu-toolchain/bin/../lib/gcc/avr/5.4.0/avr5\libgcc.a(_exit.o)
 .text.libgcc   0x00000000        0x0 c:/program files (x86)/atmel/studio/7.0/toolchain/avr8/avr8-gnu-toolchain/bin/../lib/gcc/avr/5.4.0/avr5\libgcc.a(_exit.o)
 .text.libgcc.prologue
                0x00000000        0x0 c:/program files (x86)/atmel/studio/7.0/toolchain/avr8/avr8-gnu-toolchain/bin/../lib/gcc/avr/5.4.0/avr5\libgcc.a(_exit.o)
 .text.libgcc.builtins
                0x00000000        0x0 c:/program files (x86)/atmel/studio/7.0/toolchain/avr8/avr8-gnu-toolchain/bin/../lib/gcc/avr/5.4.0/avr5\libgcc.a(_exit.o)
 .text.libgcc.fmul
                0x00000000        0x0 c:/program files (x86)/atmel/studio/7.0/toolchain/avr8/avr8-gnu-toolchain/bin/../lib/gcc/avr/5.4.0/avr5\libgcc.a(_exit.o)
 .text.libgcc.fixed
                0x00000000        0x0 c:/program files (x86)/atmel/studio/7.0/toolchain/avr8/avr8-gnu-toolchain/bin/../lib/gcc/avr/5.4.0/avr5\libgcc.a(_exit.o)
 .text          0x00000000        0x0 c:/program files (x86)/atmel/studio/7.0/toolchain/avr8/avr8-gnu-toolchain/bin/../lib/gcc/avr/5.4.0/avr5\libgcc.a(_copy_data.o)
 .data          0x00000000        0x0 c:/program files (x86)/atmel/studio/7.0/toolchain/avr8/avr8-gnu-toolchain/bin/../lib/gcc/avr/5.4.0/avr5\libgcc.a(_copy_data.o)
 .bss           0x00000000        0x0 c:/program files (x86)/atmel/studio/7.0/toolchain/avr8/avr8-gnu-toolchain/bin/../lib/gcc/avr/5.4.0/avr5\libgcc.a(_copy_data.o)
 .text.libgcc.mul
                0x00000000        0x0 c:/program files (x86)/atmel/studio/7.0/toolchain/avr8/avr8-gnu-toolchain/bin/../lib/gcc/avr/5.4.0/avr5\libgcc.a(_copy_data.o)
 .text.libgcc.div
                0x00000000        0x0 c:/program files (x86)/atmel/studio/7.0/toolchain/avr8/avr8-gnu-toolchain/bin/../lib/gcc/avr/5.4.0/avr5\libgcc.a(_copy_data.o)
 .text.libgcc   0x00000000        0x0 c:/program files (x86)/atmel/studio/7.0/toolchain/avr8/avr8-gnu-toolchain/bin/../lib/gcc/avr/5.4.0/avr5\libgcc.a(_copy_data.o)
 .text.libgcc.prologue
                0x00000000        0x0 c:/program files (x86)/atmel/studio/7.0/toolchain/avr8/avr8-gnu-toolchain/bin/../lib/gcc/avr/5.4.0/avr5\libgcc.a(_copy_data.o)
 .text.libgcc.builtins
                0x00000000        0x0 c:/program files (x86)/atmel/studio/7.0/toolchain/avr8/avr8-gnu-toolchain/bin/../lib/gcc/avr/5.4.0/avr5\libgcc.a(_copy_data.o)
 .text.libgcc.fmul
                0x00000000        0x0 c:/program files (x86)/atmel/studio/7.0/toolchain/avr8/avr8-gnu-toolchain/bin/../lib/gcc/avr/5.4.0/avr5\libgcc.a(_copy_data.o)
 .text.libgcc.fixed
                0x00000000        0x0 c:/program files (x86)/atmel/studio/7.0/toolchain/avr8/avr8-gnu-toolchain/bin/../lib/gcc/avr/5.4.0/avr5\libgcc.a(_copy_data.o)
 .text          0x00000000        0x0 c:/program files (x86)/atmel/studio/7.0/toolchain/avr8/avr8-gnu-toolchain/bin/../lib/gcc/avr/5.4.0/avr5\libgcc.a(_clear_bss.o)
 .data          0x00000000        0x0 c:/program files (x86)/atmel/studio/7.0/toolchain/avr8/avr8-gnu-toolchain/bin/../lib/gcc/avr/5.4.0/avr5\libgcc.a(_clear_bss.o)
 .bss           0x00000000        0x0 c:/program files (x86)/atmel/studio/7.0/toolchain/avr8/avr8-gnu-toolchain/bin/../lib/gcc/avr/5.4.0/avr5\libgcc.a(_clear_bss.o)
 .text.libgcc.mul
                0x00000000        0x0 c:/program files (x86)/atmel/studio/7.0/toolchain/avr8/avr8-gnu-toolchain/bin/../lib/gcc/avr/5.4.0/avr5\libgcc.a(_clear_bss.o)
 .text.libgcc.div
                0x00000000        0x0 c:/program files (x86)/atmel/studio/7.0/toolchain/avr8/avr8-gnu-toolchain/bin/../lib/gcc/avr/5.4.0/avr5\libgcc.a(_clear_bss.o)
 .text.libgcc   0x00000000        0x0 c:/program files (x86)/atmel/studio/7.0/toolchain/avr8/avr8-gnu-toolchain/bin/../lib/gcc/avr/5.4.0/avr5\libgcc.a(_clear_bss.o)
 .text.libgcc.prologue
                0x00000000        0x0 c:/program files (x86)/atmel/studio/7.0/toolchain/avr8/avr8-gnu-toolchain/bin/../lib/gcc/avr/5.4.0/avr5\libgcc.a(_clear_bss.o)
 .text.libgcc.builtins
                0x00000000        0x0 c:/program files (x86)/atmel/studio/7.0/toolchain/avr8/avr8-gnu-toolchain/bin/../lib/gcc/avr/5.4.0/avr5\libgcc.a(_clear_bss.o)
 .text.libgcc.fmul
                0x00000000        0x0 c:/program files (x86)/atmel/studio/7.0/toolchain/avr8/avr8-gnu-toolchain/bin/../lib/gcc/avr/5.4.0/avr5\libgcc.a(_clear_bss.o)
 .text.libgcc.fixed
                0x00000000        0x0 c:/program files (x86)/atmel/studio/7.0/toolchain/avr8/avr8-gnu-toolchain/bin/../lib/gcc/avr/5.4.0/avr5\libgcc.a(_clear_bss.o)

Memory Configuration

Name             Origin             Length             Attributes
text             0x00000000         0x00008000         xr
data             0x00800060         0x00000800         rw !x
eeprom           0x00810000         0x00000400         rw !x
fuse             0x00820000         0x00000002         rw !x
lock             0x00830000         0x00000400         rw !x
signature        0x00840000         0x00000400         rw !x
user_signatures  0x00850000         0x00000400         rw !x
*default*        0x00000000         0xffffffff

Linker script and memory map

LOAD C:/Program Files (x86)/Atmel/Studio/7.0/Packs/atmel/ATmega_DFP/1.7.374/gcc/dev/atmega32/avr5/crtatmega32.o
LOAD APP/main.o
LOAD APP/progg.o
LOAD HAL/BUZ_prog.o
LOAD HAL/DCMotor.o
LOAD HAL/KEYPAD_prog.o
LOAD HAL/LCD_prog.o
LOAD HAL/Led.o
LOAD HAL/ServoMotor.o
LOAD MCAL/ADC_prog.o
LOAD MCAL/DIO_prog.o
LOAD MCAL/EEPROM.o
LOAD MCAL/EXTI_prog.o
LOAD MCAL/GIE_prog.o
LOAD MCAL/Timer2_prg.o
LOAD MCAL/Timer_prg.o
LOAD MCAL/UART_prg.o
START GROUP
LOAD c:/program files (x86)/atmel/studio/7.0/toolchain/avr8/avr8-gnu-toolchain/bin/../lib/gcc/avr/5.4.0/../../../../avr/lib/avr5\libm.a
END GROUP
START GROUP
LOAD c:/program files (x86)/atmel/studio/7.0/toolchain/avr8/avr8-gnu-toolchain/bin/../lib/gcc/avr/5.4.0/avr5\libgcc.a
LOAD c:/program files (x86)/atmel/studio/7.0/toolchain/avr8/avr8-gnu-toolchain/bin/../lib/gcc/avr/5.4.0/../../../../avr/lib/avr5\libm.a
LOAD c:/program files (x86)/atmel/studio/7.0/toolchain/avr8/avr8-gnu-toolchain/bin/../lib/gcc/avr/5.4.0/../../../../avr/lib/avr5\libc.a
LOAD C:/Program Files (x86)/Atmel/Studio/7.0/Packs/atmel/ATmega_DFP/1.7.374/gcc/dev/atmega32/avr5\libatmega32.a
END GROUP
                0x00000000                __TEXT_REGION_ORIGIN__ = DEFINED (__TEXT_REGION_ORIGIN__)?__TEXT_REGION_ORIGIN__:0x0
                [0x00800060]                __DATA_REGION_ORIGIN__ = DEFINED (__DATA_REGION_ORIGIN__)?__DATA_REGION_ORIGIN__:0x800060
                [0x00008000]                __TEXT_REGION_LENGTH__ = DEFINED (__TEXT_REGION_LENGTH__)?__TEXT_REGION_LENGTH__:0x20000
                [0x00000800]                __DATA_REGION_LENGTH__ = DEFINED (__DATA_REGION_LENGTH__)?__DATA_REGION_LENGTH__:0xffa0
                [0x00000400]                __EEPROM_REGION_LENGTH__ = DEFINED (__EEPROM_REGION_LENGTH__)?__EEPROM_REGION_LENGTH__:0x10000
                [0x00000002]                __FUSE_REGION_LENGTH__ = DEFINED (__FUSE_REGION_LENGTH__)?__FUSE_REGION_LENGTH__:0x400
                0x00000400                __LOCK_REGION_LENGTH__ = DEFINED (__LOCK_REGION_LENGTH__)?__LOCK_REGION_LENGTH__:0x400
                0x00000400                __SIGNATURE_REGION_LENGTH__ = DEFINED (__SIGNATURE_REGION_LENGTH__)?__SIGNATURE_REGION_LENGTH__:0x400
                0x00000400                __USER_SIGNATURE_REGION_LENGTH__ = DEFINED (__USER_SIGNATURE_REGION_LENGTH__)?__USER_SIGNATURE_REGION_LENGTH__:0x400

.hash
 *(.hash)

.dynsym
 *(.dynsym)

.dynstr
 *(.dynstr)

.gnu.version
 *(.gnu.version)

.gnu.version_d
 *(.gnu.version_d)

.gnu.version_r
 *(.gnu.version_r)

.rel.init
 *(.rel.init)

.rela.init
 *(.rela.init)

.rel.text
 *(.rel.text)
 *(.rel.text.*)
 *(.rel.gnu.linkonce.t*)

.rela.text
 *(.rela.text)
 *(.rela.text.*)
 *(.rela.gnu.linkonce.t*)

.rel.fini
 *(.rel.fini)

.rela.fini
 *(.rela.fini)

.rel.rodata
 *(.rel.rodata)
 *(.rel.rodata.*)
 *(.rel.gnu.linkonce.r*)

.rela.rodata
 *(.rela.rodata)
 *(.rela.rodata.*)
 *(.rela.gnu.linkonce.r*)

.rel.data
 *(.rel.data)
 *(.rel.data.*)
 *(.rel.gnu.linkonce.d*)

.rela.data
 *(.rela.data)
 *(.rela.data.*)
 *(.rela.gnu.linkonce.d*)

.rel.ctors
 *(.rel.ctors)

.rela.ctors
 *(.rela.ctors)

.rel.dtors
 *(.rel.dtors)

.rela.dtors
 *(.rela.dtors)

.rel.got
 *(.rel.got)

.rela.got
 *(.rela.got)

.rel.bss
 *(.rel.bss)

.rela.bss
 *(.rela.bss)

.rel.plt
 *(.rel.plt)

.rela.plt
 *(.rela.plt)

.text           0x00000000     0x2334
 *(.vectors)
 .vectors       0x00000000       0x54 C:/Program Files (x86)/Atmel/Studio/7.0/Packs/atmel/ATmega_DFP/1.7.374/gcc/dev/atmega32/avr5/crtatmega32.o
                0x00000000                __vector_default
                0x00000000                __vectors
 *(.vectors)
 *(.progmem.gcc*)
                0x00000054                . = ALIGN (0x2)
                0x00000054                __trampolines_start = .
 *(.trampolines)
 .trampolines   0x00000054        0x0 linker stubs
 *(.trampolines*)
                0x00000054                __trampolines_end = .
 *libprintf_flt.a:*(.progmem.data)
 *libc.a:*(.progmem.data)
 *(.progmem*)
                0x00000054                . = ALIGN (0x2)
 *(.jumptables)
 *(.jumptables*)
 *(.lowtext)
 *(.lowtext*)
                0x00000054                __ctors_start = .
 *(.ctors)
                0x00000054                __ctors_end = .
                0x00000054                __dtors_start = .
 *(.dtors)
                0x00000054                __dtors_end = .
 SORT(*)(.ctors)
 SORT(*)(.dtors)
 *(.init0)
 .init0         0x00000054        0x0 C:/Program Files (x86)/Atmel/Studio/7.0/Packs/atmel/ATmega_DFP/1.7.374/gcc/dev/atmega32/avr5/crtatmega32.o
                0x00000054                __init
 *(.init0)
 *(.init1)
 *(.init1)
 *(.init2)
 .init2         0x00000054        0xc C:/Program Files (x86)/Atmel/Studio/7.0/Packs/atmel/ATmega_DFP/1.7.374/gcc/dev/atmega32/avr5/crtatmega32.o
 *(.init2)
 *(.init3)
 *(.init3)
 *(.init4)
 .init4         0x00000060       0x16 c:/program files (x86)/atmel/studio/7.0/toolchain/avr8/avr8-gnu-toolchain/bin/../lib/gcc/avr/5.4.0/avr5\libgcc.a(_copy_data.o)
                0x00000060                __do_copy_data
 .init4         0x00000076       0x10 c:/program files (x86)/atmel/studio/7.0/toolchain/avr8/avr8-gnu-toolchain/bin/../lib/gcc/avr/5.4.0/avr5\libgcc.a(_clear_bss.o)
                0x00000076                __do_clear_bss
 *(.init4)
 *(.init5)
 *(.init5)
 *(.init6)
 *(.init6)
 *(.init7)
 *(.init7)
 *(.init8)
 *(.init8)
 *(.init9)
 .init9         0x00000086        0x8 C:/Program Files (x86)/Atmel/Studio/7.0/Packs/atmel/ATmega_DFP/1.7.374/gcc/dev/atmega32/avr5/crtatmega32.o
 *(.init9)
 *(.text)
 .text          0x0000008e        0x4 C:/Program Files (x86)/Atmel/Studio/7.0/Packs/atmel/ATmega_DFP/1.7.374/gcc/dev/atmega32/avr5/crtatmega32.o
                0x0000008e                __vector_1
                0x0000008e                __vector_12
                0x0000008e                __bad_interrupt
                0x0000008e                __vector_6
                0x0000008e                __vector_3
                0x0000008e                __vector_11
                0x0000008e                __vector_13
                0x0000008e                __vector_17
                0x0000008e                __vector_19
                0x0000008e                __vector_7
                0x0000008e                __vector_5
                0x0000008e                __vector_4
                0x0000008e                __vector_9
                0x0000008e                __vector_2
                0x0000008e                __vector_15
                0x0000008e                __vector_8
                0x0000008e                __vector_14
                0x0000008e                __vector_10
                0x0000008e                __vector_16
                0x0000008e                __vector_18
                0x0000008e                __vector_20
                0x00000092                . = ALIGN (0x2)
 *(.text.*)
 .text.main     0x00000092      0x488 APP/main.o
                0x00000092                main
 .text.Read_Name_Pass
                0x0000051a       0xb6 APP/progg.o
                0x0000051a                Read_Name_Pass
 .text.AddAdmin
                0x000005d0       0xa2 APP/progg.o
                0x000005d0                AddAdmin
 .text.IsAdminExist
                0x00000672       0xd6 APP/progg.o
                0x00000672                IsAdminExist
 .text.AddEntry
                0x00000748      0x1e0 APP/progg.o
                0x00000748                AddEntry
 .text.IsUserExist
                0x00000928      0x450 APP/progg.o
                0x00000928                IsUserExist
 .text.Find_Delete
                0x00000d78      0x6de APP/progg.o
                0x00000d78                Find_Delete
 .text.Sys_Contole
                0x00001456       0x36 APP/progg.o
                0x00001456                Sys_Contole
 .text.Sys_Contole_For_User
                0x0000148c       0x2e APP/progg.o
                0x0000148c                Sys_Contole_For_User
 .text.BUZ_voidSetAlarm
                0x000014ba       0x24 HAL/BUZ_prog.o
                0x000014ba                BUZ_voidSetAlarm
 .text.Dc_Motor_Enable
                0x000014de        0xa HAL/DCMotor.o
                0x000014de                Dc_Motor_Enable
 .text.Dc_Motor_Disable
                0x000014e8        0xa HAL/DCMotor.o
                0x000014e8                Dc_Motor_Disable
 .text.KEYPAD_voidInit
                0x000014f2       0x22 HAL/KEYPAD_prog.o
                0x000014f2                KEYPAD_voidInit
 .text.KEYPAD_u8GetPressedButton
                0x00001514      0x17a HAL/KEYPAD_prog.o
                0x00001514                KEYPAD_u8GetPressedButton
 .text.LCD_voidSendData
                0x0000168e      0x118 HAL/LCD_prog.o
                0x0000168e                LCD_voidSendData
 .text.LCD_voidSendCommand
                0x000017a6      0x118 HAL/LCD_prog.o
                0x000017a6                LCD_voidSendCommand
 .text.LCD_voidInit
                0x000018be       0x80 HAL/LCD_prog.o
                0x000018be                LCD_voidInit
 .text.LCD_voidSendString
                0x0000193e       0x26 HAL/LCD_prog.o
                0x0000193e                LCD_voidSendString
 .text.LCD_voidSetCursor
                0x00001964       0x1e HAL/LCD_prog.o
                0x00001964                LCD_voidSetCursor
 .text.LCD_voidClearDisplay
                0x00001982        0x8 HAL/LCD_prog.o
                0x00001982                LCD_voidClearDisplay
 .text.Dimmer_Controle
                0x0000198a      0x14a HAL/Led.o
                0x0000198a                Dimmer_Controle
 .text.Led_Controle
                0x00001ad4       0xd8 HAL/Led.o
                0x00001ad4                Led_Controle
 .text.Door_Controle
                0x00001bac       0x6a HAL/ServoMotor.o
                0x00001bac                Door_Controle
 .text.ADC_voidEnable
                0x00001c16        0x8 MCAL/ADC_prog.o
                0x00001c16                ADC_voidEnable
 .text.ADC_voidInit
                0x00001c1e       0x18 MCAL/ADC_prog.o
                0x00001c1e                ADC_voidInit
 .text.ADC_u16Convert
                0x00001c36       0x26 MCAL/ADC_prog.o
                0x00001c36                ADC_u16Convert
 .text.DIO_voidInit
                0x00001c5c       0x12 MCAL/DIO_prog.o
                0x00001c5c                DIO_voidInit
 .text.DIO_voidSetPinValue
                0x00001c6e      0x112 MCAL/DIO_prog.o
                0x00001c6e                DIO_voidSetPinValue
 .text.DIO_u8GetPinValue
                0x00001d80       0x72 MCAL/DIO_prog.o
                0x00001d80                DIO_u8GetPinValue
 .text.EEPROM_ui8ReadByteFromAddress
                0x00001df2       0x12 MCAL/EEPROM.o
                0x00001df2                EEPROM_ui8ReadByteFromAddress
 .text.EEPROM_vWriteByteToAddress
                0x00001e04       0x24 MCAL/EEPROM.o
                0x00001e04                EEPROM_vWriteByteToAddress
 .text.TIMER2_void_Init
                0x00001e28       0x4a MCAL/Timer2_prg.o
                0x00001e28                TIMER2_void_Init
 .text.TIMER2_void_SetCompareVal
                0x00001e72        0x4 MCAL/Timer2_prg.o
                0x00001e72                TIMER2_void_SetCompareVal
 .text.TIMER0_void_Init
                0x00001e76       0x48 MCAL/Timer_prg.o
                0x00001e76                TIMER0_void_Init
 .text.TIMER0_void_SetCompareVal
                0x00001ebe        0x4 MCAL/Timer_prg.o
                0x00001ebe                TIMER0_void_SetCompareVal
 .text.avr-libc.fplib
                0x00001ec2        0xe c:/program files (x86)/atmel/studio/7.0/toolchain/avr8/avr8-gnu-toolchain/bin/../lib/gcc/avr/5.4.0/../../../../avr/lib/avr5\libm.a(addsf3.o)
                0x00001ec2                __subsf3
                0x00001ec4                __addsf3
 .text.avr-libc.fplib
                0x00001ed0       0xcc c:/program files (x86)/atmel/studio/7.0/toolchain/avr8/avr8-gnu-toolchain/bin/../lib/gcc/avr/5.4.0/../../../../avr/lib/avr5\libm.a(addsf3x.o)
                0x00001ef2                __addsf3x
 .text.avr-libc.fplib
                0x00001f9c        0xa c:/program files (x86)/atmel/studio/7.0/toolchain/avr8/avr8-gnu-toolchain/bin/../lib/gcc/avr/5.4.0/../../../../avr/lib/avr5\libm.a(cmpsf2.o)
                0x00001f9c                __nesf2
                0x00001f9c                __eqsf2
                0x00001f9c                __cmpsf2
                0x00001f9c                __ltsf2
                0x00001f9c                __lesf2
 .text.avr-libc.fplib
                0x00001fa6        0x8 c:/program files (x86)/atmel/studio/7.0/toolchain/avr8/avr8-gnu-toolchain/bin/../lib/gcc/avr/5.4.0/../../../../avr/lib/avr5\libm.a(divsf3.o)
                0x00001fa6                __divsf3
 .text.avr-libc.fplib
                0x00001fae       0xdc c:/program files (x86)/atmel/studio/7.0/toolchain/avr8/avr8-gnu-toolchain/bin/../lib/gcc/avr/5.4.0/../../../../avr/lib/avr5\libm.a(divsf3x.o)
                0x00001fce                __divsf3x
                0x00001fd4                __divsf3_pse
 .text.avr-libc.fplib
                0x0000208a       0x5e c:/program files (x86)/atmel/studio/7.0/toolchain/avr8/avr8-gnu-toolchain/bin/../lib/gcc/avr/5.4.0/../../../../avr/lib/avr5\libm.a(fixunssfsi.o)
                0x0000208a                __fixunssfsi
 .text.avr-libc.fplib
                0x000020e8       0x7a c:/program files (x86)/atmel/studio/7.0/toolchain/avr8/avr8-gnu-toolchain/bin/../lib/gcc/avr/5.4.0/../../../../avr/lib/avr5\libm.a(floatsisf.o)
                0x000020e8                __floatunsisf
                0x000020ec                __floatsisf
 .text.avr-libc.fplib
                0x00002162       0x48 c:/program files (x86)/atmel/studio/7.0/toolchain/avr8/avr8-gnu-toolchain/bin/../lib/gcc/avr/5.4.0/../../../../avr/lib/avr5\libm.a(fp_cmp.o)
                0x00002162                __fp_cmp
 .text.avr-libc.fplib
                0x000021aa        0xc c:/program files (x86)/atmel/studio/7.0/toolchain/avr8/avr8-gnu-toolchain/bin/../lib/gcc/avr/5.4.0/../../../../avr/lib/avr5\libm.a(fp_inf.o)
                0x000021aa                __fp_inf
 .text.avr-libc.fplib
                0x000021b6        0x6 c:/program files (x86)/atmel/studio/7.0/toolchain/avr8/avr8-gnu-toolchain/bin/../lib/gcc/avr/5.4.0/../../../../avr/lib/avr5\libm.a(fp_nan.o)
                0x000021b6                __fp_nan
 .text.avr-libc.fplib
                0x000021bc        0xe c:/program files (x86)/atmel/studio/7.0/toolchain/avr8/avr8-gnu-toolchain/bin/../lib/gcc/avr/5.4.0/../../../../avr/lib/avr5\libm.a(fp_pscA.o)
                0x000021bc                __fp_pscA
 .text.avr-libc.fplib
                0x000021ca        0xe c:/program files (x86)/atmel/studio/7.0/toolchain/avr8/avr8-gnu-toolchain/bin/../lib/gcc/avr/5.4.0/../../../../avr/lib/avr5\libm.a(fp_pscB.o)
                0x000021ca                __fp_pscB
 .text.avr-libc.fplib
                0x000021d8       0x22 c:/program files (x86)/atmel/studio/7.0/toolchain/avr8/avr8-gnu-toolchain/bin/../lib/gcc/avr/5.4.0/../../../../avr/lib/avr5\libm.a(fp_round.o)
                0x000021d8                __fp_round
 .text.avr-libc.fplib
                0x000021fa       0x44 c:/program files (x86)/atmel/studio/7.0/toolchain/avr8/avr8-gnu-toolchain/bin/../lib/gcc/avr/5.4.0/../../../../avr/lib/avr5\libm.a(fp_split3.o)
                0x000021fa                __fp_split3
                0x0000220a                __fp_splitA
 .text.avr-libc.fplib
                0x0000223e        0xe c:/program files (x86)/atmel/studio/7.0/toolchain/avr8/avr8-gnu-toolchain/bin/../lib/gcc/avr/5.4.0/../../../../avr/lib/avr5\libm.a(fp_zero.o)
                0x0000223e                __fp_zero
                0x00002240                __fp_szero
 .text.avr-libc.fplib
                0x0000224c        0xa c:/program files (x86)/atmel/studio/7.0/toolchain/avr8/avr8-gnu-toolchain/bin/../lib/gcc/avr/5.4.0/../../../../avr/lib/avr5\libm.a(gesf2.o)
                0x0000224c                __gesf2
                0x0000224c                __gtsf2
 .text.avr-libc.fplib
                0x00002256        0x8 c:/program files (x86)/atmel/studio/7.0/toolchain/avr8/avr8-gnu-toolchain/bin/../lib/gcc/avr/5.4.0/../../../../avr/lib/avr5\libm.a(mulsf3.o)
                0x00002256                __mulsf3
 .text.avr-libc.fplib
                0x0000225e       0xd2 c:/program files (x86)/atmel/studio/7.0/toolchain/avr8/avr8-gnu-toolchain/bin/../lib/gcc/avr/5.4.0/../../../../avr/lib/avr5\libm.a(mulsf3x.o)
                0x0000227c                __mulsf3x
                0x00002282                __mulsf3_pse
                0x00002330                . = ALIGN (0x2)
 *(.fini9)
 .fini9         0x00002330        0x0 c:/program files (x86)/atmel/studio/7.0/toolchain/avr8/avr8-gnu-toolchain/bin/../lib/gcc/avr/5.4.0/avr5\libgcc.a(_exit.o)
                0x00002330                _exit
                0x00002330                exit
 *(.fini9)
 *(.fini8)
 *(.fini8)
 *(.fini7)
 *(.fini7)
 *(.fini6)
 *(.fini6)
 *(.fini5)
 *(.fini5)
 *(.fini4)
 *(.fini4)
 *(.fini3)
 *(.fini3)
 *(.fini2)
 *(.fini2)
 *(.fini1)
 *(.fini1)
 *(.fini0)
 .fini0         0x00002330        0x4 c:/program files (x86)/atmel/studio/7.0/toolchain/avr8/avr8-gnu-toolchain/bin/../lib/gcc/avr/5.4.0/avr5\libgcc.a(_exit.o)
 *(.fini0)
                0x00002334                _etext = .

.data           0x00800060      0x1f4 load address 0x00002334
                0x00800060                PROVIDE (__data_start, .)
 *(.data)
 *(.data*)
 *(.gnu.linkonce.d*)
 *(.rodata)
 *(.rodata*)
 .rodata.str1.1
                0x00800060      0x12a APP/main.o
                                0x13e (size before relaxing)
 .rodata.str1.1
                0x0080018a       0x55 APP/progg.o
 .rodata.str1.1
                0x008001df       0x53 HAL/Led.o
 .rodata.str1.1
                0x00800232       0x21 HAL/ServoMotor.o
 *(.gnu.linkonce.r*)
                0x00800254                . = ALIGN (0x2)
 *fill*         0x00800253        0x1 
                0x00800254                _edata = .
                0x00800254                PROVIDE (__data_end, .)

.bss            0x00800254        0x8
                0x00800254                PROVIDE (__bss_start, .)
 *(.bss)
 *(.bss*)
 .bss.length    0x00800254        0x2 APP/progg.o
                0x00800254                length
 .bss.Is_There_Admin
                0x00800256        0x2 APP/progg.o
                0x00800256                Is_There_Admin
 .bss.duty.1781
                0x00800258        0x4 HAL/Led.o
 *(COMMON)
                0x0080025c                PROVIDE (__bss_end, .)
                0x00002334                __data_load_start = LOADADDR (.data)
                0x00002528                __data_load_end = (__data_load_start + SIZEOF (.data))

.noinit         0x0080025c        0x0
                [!provide]                PROVIDE (__noinit_start, .)
 *(.noinit*)
                [!provide]                PROVIDE (__noinit_end, .)
                0x0080025c                _end = .
                [!provide]                PROVIDE (__heap_start, .)

.eeprom         0x00810000        0x0
 *(.eeprom*)
                0x00810000                __eeprom_end = .

.fuse
 *(.fuse)
 *(.lfuse)
 *(.hfuse)
 *(.efuse)

.lock
 *(.lock*)

.signature
 *(.signature*)

.user_signatures
 *(.user_signatures*)

.stab
 *(.stab)

.stabstr
 *(.stabstr)

.stab.excl
 *(.stab.excl)

.stab.exclstr
 *(.stab.exclstr)

.stab.index
 *(.stab.index)

.stab.indexstr
 *(.stab.indexstr)

.comment        0x00000000       0x30
 *(.comment)
 .comment       0x00000000       0x30 APP/main.o
                                 0x31 (size before relaxing)
 .comment       0x00000030       0x31 APP/progg.o
 .comment       0x00000030       0x31 HAL/BUZ_prog.o
 .comment       0x00000030       0x31 HAL/DCMotor.o
 .comment       0x00000030       0x31 HAL/KEYPAD_prog.o
 .comment       0x00000030       0x31 HAL/LCD_prog.o
 .comment       0x00000030       0x31 HAL/Led.o
 .comment       0x00000030       0x31 HAL/ServoMotor.o
 .comment       0x00000030       0x31 MCAL/ADC_prog.o
 .comment       0x00000030       0x31 MCAL/DIO_prog.o
 .comment       0x00000030       0x31 MCAL/EEPROM.o
 .comment       0x00000030       0x31 MCAL/Timer2_prg.o
 .comment       0x00000030       0x31 MCAL/Timer_prg.o

.note.gnu.avr.deviceinfo
                0x00000000       0x3c
 .note.gnu.avr.deviceinfo
                0x00000000       0x3c C:/Program Files (x86)/Atmel/Studio/7.0/Packs/atmel/ATmega_DFP/1.7.374/gcc/dev/atmega32/avr5/crtatmega32.o

.note.gnu.build-id
 *(.note.gnu.build-id)

.debug
 *(.debug)

.line
 *(.line)

.debug_srcinfo
 *(.debug_srcinfo)

.debug_sfnames
 *(.debug_sfnames)

.debug_aranges  0x00000000      0x2c0
 *(.debug_aranges)
 .debug_aranges
                0x00000000       0x20 APP/main.o
 .debug_aranges
                0x00000020       0x60 APP/progg.o
 .debug_aranges
                0x00000080       0x20 HAL/BUZ_prog.o
 .debug_aranges
                0x000000a0       0x28 HAL/DCMotor.o
 .debug_aranges
                0x000000c8       0x28 HAL/KEYPAD_prog.o
 .debug_aranges
                0x000000f0       0x48 HAL/LCD_prog.o
 .debug_aranges
                0x00000138       0x28 HAL/Led.o
 .debug_aranges
                0x00000160       0x20 HAL/ServoMotor.o
 .debug_aranges
                0x00000180       0x38 MCAL/ADC_prog.o
 .debug_aranges
                0x000001b8       0x30 MCAL/DIO_prog.o
 .debug_aranges
                0x000001e8       0x38 MCAL/EEPROM.o
 .debug_aranges
                0x00000220       0x50 MCAL/Timer2_prg.o
 .debug_aranges
                0x00000270       0x50 MCAL/Timer_prg.o

.debug_pubnames
 *(.debug_pubnames)

.debug_info     0x00000000     0x4be8
 *(.debug_info .gnu.linkonce.wi.*)
 .debug_info    0x00000000      0x4e6 C:/Program Files (x86)/Atmel/Studio/7.0/Packs/atmel/ATmega_DFP/1.7.374/gcc/dev/atmega32/avr5/crtatmega32.o
 .debug_info    0x000004e6      0xc99 APP/main.o
 .debug_info    0x0000117f     0x1cf5 APP/progg.o
 .debug_info    0x00002e74      0x156 HAL/BUZ_prog.o
 .debug_info    0x00002fca       0xdb HAL/DCMotor.o
 .debug_info    0x000030a5      0x3d6 HAL/KEYPAD_prog.o
 .debug_info    0x0000347b      0xa08 HAL/LCD_prog.o
 .debug_info    0x00003e83      0x484 HAL/Led.o
 .debug_info    0x00004307      0x25a HAL/ServoMotor.o
 .debug_info    0x00004561      0x12a MCAL/ADC_prog.o
 .debug_info    0x0000468b      0x102 MCAL/DIO_prog.o
 .debug_info    0x0000478d      0x1eb MCAL/EEPROM.o
 .debug_info    0x00004978      0x138 MCAL/Timer2_prg.o
 .debug_info    0x00004ab0      0x138 MCAL/Timer_prg.o

.debug_abbrev   0x00000000     0x1047
 *(.debug_abbrev)
 .debug_abbrev  0x00000000      0x4a3 C:/Program Files (x86)/Atmel/Studio/7.0/Packs/atmel/ATmega_DFP/1.7.374/gcc/dev/atmega32/avr5/crtatmega32.o
 .debug_abbrev  0x000004a3      0x11d APP/main.o
 .debug_abbrev  0x000005c0      0x14e APP/progg.o
 .debug_abbrev  0x0000070e       0xf1 HAL/BUZ_prog.o
 .debug_abbrev  0x000007ff       0x6f HAL/DCMotor.o
 .debug_abbrev  0x0000086e       0xa5 HAL/KEYPAD_prog.o
 .debug_abbrev  0x00000913      0x19e HAL/LCD_prog.o
 .debug_abbrev  0x00000ab1      0x134 HAL/Led.o
 .debug_abbrev  0x00000be5      0x12c HAL/ServoMotor.o
 .debug_abbrev  0x00000d11       0xbd MCAL/ADC_prog.o
 .debug_abbrev  0x00000dce       0xa3 MCAL/DIO_prog.o
 .debug_abbrev  0x00000e71       0xe2 MCAL/EEPROM.o
 .debug_abbrev  0x00000f53       0x7a MCAL/Timer2_prg.o
 .debug_abbrev  0x00000fcd       0x7a MCAL/Timer_prg.o

.debug_line     0x00000000     0x280b
 *(.debug_line .debug_line.* .debug_line_end)
 .debug_line    0x00000000      0x116 C:/Program Files (x86)/Atmel/Studio/7.0/Packs/atmel/ATmega_DFP/1.7.374/gcc/dev/atmega32/avr5/crtatmega32.o
 .debug_line    0x00000116      0x5ad APP/main.o
 .debug_line    0x000006c3      0xb91 APP/progg.o
 .debug_line    0x00001254      0x181 HAL/BUZ_prog.o
 .debug_line    0x000013d5       0xba HAL/DCMotor.o
 .debug_line    0x0000148f      0x260 HAL/KEYPAD_prog.o
 .debug_line    0x000016ef      0x4b3 HAL/LCD_prog.o
 .debug_line    0x00001ba2      0x321 HAL/Led.o
 .debug_line    0x00001ec3      0x178 HAL/ServoMotor.o
 .debug_line    0x0000203b      0x130 MCAL/ADC_prog.o
 .debug_line    0x0000216b      0x19f MCAL/DIO_prog.o
 .debug_line    0x0000230a      0x200 MCAL/EEPROM.o
 .debug_line    0x0000250a      0x181 MCAL/Timer2_prg.o
 .debug_line    0x0000268b      0x180 MCAL/Timer_prg.o

.debug_frame    0x00000000      0x4e8
 *(.debug_frame)
 .debug_frame   0x00000000       0x34 APP/main.o
 .debug_frame   0x00000034      0x128 APP/progg.o
 .debug_frame   0x0000015c       0x24 HAL/BUZ_prog.o
 .debug_frame   0x00000180       0x34 HAL/DCMotor.o
 .debug_frame   0x000001b4       0x34 HAL/KEYPAD_prog.o
 .debug_frame   0x000001e8       0x94 HAL/LCD_prog.o
 .debug_frame   0x0000027c       0x48 HAL/Led.o
 .debug_frame   0x000002c4       0x24 HAL/ServoMotor.o
 .debug_frame   0x000002e8       0x54 MCAL/ADC_prog.o
 .debug_frame   0x0000033c       0x44 MCAL/DIO_prog.o
 .debug_frame   0x00000380       0x60 MCAL/EEPROM.o
 .debug_frame   0x000003e0       0x84 MCAL/Timer2_prg.o
 .debug_frame   0x00000464       0x84 MCAL/Timer_prg.o

.debug_str      0x00000000      0xa15
 *(.debug_str)
 .debug_str     0x00000000      0x196 C:/Program Files (x86)/Atmel/Studio/7.0/Packs/atmel/ATmega_DFP/1.7.374/gcc/dev/atmega32/avr5/crtatmega32.o
 .debug_str     0x00000196      0x3ea APP/main.o
                                0x437 (size before relaxing)
 .debug_str     0x00000580       0xd9 APP/progg.o
                                0x350 (size before relaxing)
 .debug_str     0x00000659       0x6a HAL/BUZ_prog.o
                                0x212 (size before relaxing)
 .debug_str     0x000006c3       0x11 HAL/DCMotor.o
                                0x1ac (size before relaxing)
 .debug_str     0x000006d4       0x27 HAL/KEYPAD_prog.o
                                0x1cb (size before relaxing)
 .debug_str     0x000006fb       0x84 HAL/LCD_prog.o
                                0x2cb (size before relaxing)
 .debug_str     0x0000077f       0x32 HAL/Led.o
                                0x2a4 (size before relaxing)
 .debug_str     0x000007b1       0x14 HAL/ServoMotor.o
                                0x271 (size before relaxing)
 .debug_str     0x000007c5       0x62 MCAL/ADC_prog.o
                                0x1e4 (size before relaxing)
 .debug_str     0x00000827       0x39 MCAL/DIO_prog.o
                                0x1d2 (size before relaxing)
 .debug_str     0x00000860       0x89 MCAL/EEPROM.o
                                0x259 (size before relaxing)
 .debug_str     0x000008e9       0x9c MCAL/Timer2_prg.o
                                0x22d (size before relaxing)
 .debug_str     0x00000985       0x90 MCAL/Timer_prg.o
                                0x22c (size before relaxing)

.debug_loc      0x00000000     0x12a5
 *(.debug_loc)
 .debug_loc     0x00000000      0x159 APP/main.o
 .debug_loc     0x00000159      0x5c0 APP/progg.o
 .debug_loc     0x00000719       0x48 HAL/BUZ_prog.o
 .debug_loc     0x00000761      0x60a HAL/LCD_prog.o
 .debug_loc     0x00000d6b       0xd9 HAL/Led.o
 .debug_loc     0x00000e44       0x90 HAL/ServoMotor.o
 .debug_loc     0x00000ed4       0x4f MCAL/ADC_prog.o
 .debug_loc     0x00000f23      0x2a3 MCAL/DIO_prog.o
 .debug_loc     0x000011c6       0xdf MCAL/EEPROM.o

.debug_macinfo
 *(.debug_macinfo)

.debug_weaknames
 *(.debug_weaknames)

.debug_funcnames
 *(.debug_funcnames)

.debug_typenames
 *(.debug_typenames)

.debug_varnames
 *(.debug_varnames)

.debug_pubtypes
 *(.debug_pubtypes)

.debug_ranges   0x00000000      0x1f0
 *(.debug_ranges)
 .debug_ranges  0x00000000       0x10 APP/main.o
 .debug_ranges  0x00000010       0x50 APP/progg.o
 .debug_ranges  0x00000060       0x10 HAL/BUZ_prog.o
 .debug_ranges  0x00000070       0x18 HAL/DCMotor.o
 .debug_ranges  0x00000088       0x18 HAL/KEYPAD_prog.o
 .debug_ranges  0x000000a0       0x38 HAL/LCD_prog.o
 .debug_ranges  0x000000d8       0x18 HAL/Led.o
 .debug_ranges  0x000000f0       0x10 HAL/ServoMotor.o
 .debug_ranges  0x00000100       0x28 MCAL/ADC_prog.o
 .debug_ranges  0x00000128       0x20 MCAL/DIO_prog.o
 .debug_ranges  0x00000148       0x28 MCAL/EEPROM.o
 .debug_ranges  0x00000170       0x40 MCAL/Timer2_prg.o
 .debug_ranges  0x000001b0       0x40 MCAL/Timer_prg.o

.debug_macro
 *(.debug_macro)
OUTPUT(final_project.elf elf32-avr)
LOAD linker stubs
